// Jest Snapshot v1, https://goo.gl/fbAQLP

exports[`<Counter /> renders correctly 1`] = `
<form
  onSubmit={[Function]}
>
  <input
    onChange={[Function]}
    type="text"
  />
  <button
    type="submit"
  >
     Change 
     name
  </button>
</form>
`;

exports[`<Form /> renders correctly 1`] = `
<form
  onSubmit={[Function]}
>
  <input
    onChange={[Function]}
    type="text"
  />
  <button
    type="submit"
  >
     Change 
     name
  </button>
</form>
`;

exports[`<Message /> renders correctly 1`] = `
<form
  onSubmit={[Function]}
>
  <input
    onChange={[Function]}
    type="text"
  />
  <button
    type="submit"
  >
     Change 
     name
  </button>
</form>
`;
